Starting a Gradle Daemon (subsequent builds will be faster)

> Configure project :shared
w: file:///home/runner/work/fleet-mobile/fleet-mobile/shared/build.gradle.kts:149:5: 'fun KotlinMultiplatformExtension.androidLibrary(configure: Action<DeprecatedKotlinMultiplatformAndroidLibraryTarget>): Unit' is deprecated. The 'androidLibrary' block is deprecated. Please use 'android' instead.
WARNING: The 'commonTest' source directory exists, but android host tests are not enabled. To enable android host tests, add `withHostTest {}` to your android target configuration in the Gradle build file.
Add android.sync.suppressAgpWarnings=GENERIC to the gradle.properties file to suppress this warning.
w: ⚠️ Native task 'iosSimulatorArm64Test' is disabled
Task 'iosSimulatorArm64Test' for target 'ios_simulator_arm64' cannot run on the current host (linux-x86_64).
Reason: simulator tests require macOS
Solution: To suppress this warning, add 'kotlin.native.ignoreDisabledTargets=true' to gradle.properties.


> Task :shared:checkJvmMainComposeLibrariesCompatibility
> Task :shared:kmpPartiallyResolvedDependenciesChecker
> Task :shared:checkKotlinGradlePluginConfigurationErrors SKIPPED
> Task :shared:convertXmlValueResourcesForCommonMain NO-SOURCE
> Task :shared:copyNonXmlValueResourcesForCommonMain NO-SOURCE
> Task :shared:prepareComposeResourcesTaskForCommonMain NO-SOURCE
> Task :shared:generateResourceAccessorsForCommonMain SKIPPED
> Task :shared:convertXmlValueResourcesForJvmMain NO-SOURCE
> Task :shared:copyNonXmlValueResourcesForJvmMain NO-SOURCE
> Task :shared:prepareComposeResourcesTaskForJvmMain NO-SOURCE
> Task :shared:generateResourceAccessorsForJvmMain SKIPPED
> Task :shared:generateActualResourceCollectorsForJvmMain SKIPPED
> Task :shared:generateComposeResClass SKIPPED
> Task :shared:generateExpectResourceCollectorsForCommonMain SKIPPED
> Task :shared:checkJvmTestComposeLibrariesCompatibility
> Task :shared:generatePagesRegistryFixture
> Task :shared:convertXmlValueResourcesForCommonTest NO-SOURCE
> Task :shared:copyNonXmlValueResourcesForCommonTest NO-SOURCE
> Task :shared:prepareComposeResourcesTaskForCommonTest NO-SOURCE
> Task :shared:generateResourceAccessorsForCommonTest SKIPPED
> Task :shared:convertXmlValueResourcesForJvmTest NO-SOURCE
> Task :shared:copyNonXmlValueResourcesForJvmTest NO-SOURCE
> Task :shared:prepareComposeResourcesTaskForJvmTest NO-SOURCE
> Task :shared:generateResourceAccessorsForJvmTest SKIPPED
> Task :shared:generateTodayStandupFixture
> Task :shared:assembleJvmMainResources
> Task :shared:jvmProcessResources
> Task :shared:processJvmMainResources SKIPPED
> Task :shared:assembleJvmTestResources
> Task :shared:jvmTestProcessResources
> Task :shared:processJvmTestResources SKIPPED
> Task :shared:compileKotlinJvm
w: file:///home/runner/work/fleet-mobile/fleet-mobile/shared/src/commonMain/kotlin/dev/claudefleet/mobile/App.kt:501:5 'fun BackHandler(enabled: Boolean = ..., onBack: () -> Unit): Unit' is deprecated. Use NavigationEventHandler instead.
w: file:///home/runner/work/fleet-mobile/fleet-mobile/shared/src/commonMain/kotlin/dev/claudefleet/mobile/App.kt:953:21 'fun BackHandler(enabled: Boolean = ..., onBack: () -> Unit): Unit' is deprecated. Use NavigationEventHandler instead.
w: file:///home/runner/work/fleet-mobile/fleet-mobile/shared/src/commonMain/kotlin/dev/claudefleet/mobile/App.kt:1050:21 'fun BackHandler(enabled: Boolean = ..., onBack: () -> Unit): Unit' is deprecated. Use NavigationEventHandler instead.
w: file:///home/runner/work/fleet-mobile/fleet-mobile/shared/src/commonMain/kotlin/dev/claudefleet/mobile/App.kt:1447:5 'fun BackHandler(enabled: Boolean = ..., onBack: () -> Unit): Unit' is deprecated. Use NavigationEventHandler instead.
w: file:///home/runner/work/fleet-mobile/fleet-mobile/shared/src/commonMain/kotlin/dev/claudefleet/mobile/model/Conversation.kt:271:6 This declaration needs opt-in. Its usage should be marked with '@kotlinx.serialization.ExperimentalSerializationApi' or '@OptIn(kotlinx.serialization.ExperimentalSerializationApi::class)'
w: file:///home/runner/work/fleet-mobile/fleet-mobile/shared/src/commonMain/kotlin/dev/claudefleet/mobile/model/Conversation.kt:287:6 This declaration needs opt-in. Its usage should be marked with '@kotlinx.serialization.ExperimentalSerializationApi' or '@OptIn(kotlinx.serialization.ExperimentalSerializationApi::class)'
w: file:///home/runner/work/fleet-mobile/fleet-mobile/shared/src/commonMain/kotlin/dev/claudefleet/mobile/model/Conversation.kt:320:6 This declaration needs opt-in. Its usage should be marked with '@kotlinx.serialization.ExperimentalSerializationApi' or '@OptIn(kotlinx.serialization.ExperimentalSerializationApi::class)'
w: file:///home/runner/work/fleet-mobile/fleet-mobile/shared/src/commonMain/kotlin/dev/claudefleet/mobile/model/Conversation.kt:343:6 This declaration needs opt-in. Its usage should be marked with '@kotlinx.serialization.ExperimentalSerializationApi' or '@OptIn(kotlinx.serialization.ExperimentalSerializationApi::class)'
w: file:///home/runner/work/fleet-mobile/fleet-mobile/shared/src/commonMain/kotlin/dev/claudefleet/mobile/model/Conversation.kt:355:6 This declaration needs opt-in. Its usage should be marked with '@kotlinx.serialization.ExperimentalSerializationApi' or '@OptIn(kotlinx.serialization.ExperimentalSerializationApi::class)'
w: file:///home/runner/work/fleet-mobile/fleet-mobile/shared/src/commonMain/kotlin/dev/claudefleet/mobile/model/Conversation.kt:378:6 This declaration needs opt-in. Its usage should be marked with '@kotlinx.serialization.ExperimentalSerializationApi' or '@OptIn(kotlinx.serialization.ExperimentalSerializationApi::class)'
w: file:///home/runner/work/fleet-mobile/fleet-mobile/shared/src/commonMain/kotlin/dev/claudefleet/mobile/model/Conversation.kt:402:6 This declaration needs opt-in. Its usage should be marked with '@kotlinx.serialization.ExperimentalSerializationApi' or '@OptIn(kotlinx.serialization.ExperimentalSerializationApi::class)'
w: file:///home/runner/work/fleet-mobile/fleet-mobile/shared/src/commonMain/kotlin/dev/claudefleet/mobile/model/Conversation.kt:418:6 This declaration needs opt-in. Its usage should be marked with '@kotlinx.serialization.ExperimentalSerializationApi' or '@OptIn(kotlinx.serialization.ExperimentalSerializationApi::class)'
w: file:///home/runner/work/fleet-mobile/fleet-mobile/shared/src/commonMain/kotlin/dev/claudefleet/mobile/model/Conversation.kt:444:6 This declaration needs opt-in. Its usage should be marked with '@kotlinx.serialization.ExperimentalSerializationApi' or '@OptIn(kotlinx.serialization.ExperimentalSerializationApi::class)'
w: file:///home/runner/work/fleet-mobile/fleet-mobile/shared/src/commonMain/kotlin/dev/claudefleet/mobile/model/Conversation.kt:464:6 This declaration needs opt-in. Its usage should be marked with '@kotlinx.serialization.ExperimentalSerializationApi' or '@OptIn(kotlinx.serialization.ExperimentalSerializationApi::class)'
w: file:///home/runner/work/fleet-mobile/fleet-mobile/shared/src/commonMain/kotlin/dev/claudefleet/mobile/ui/ConversationTools.kt:196:39 Condition is always 'true'.
w: file:///home/runner/work/fleet-mobile/fleet-mobile/shared/src/commonMain/kotlin/dev/claudefleet/mobile/ui/ConversationTools.kt:719:21 'val LocalClipboardManager: ProvidableCompositionLocal<ClipboardManager>' is deprecated. Use LocalClipboard instead which supports suspend functions.
w: file:///home/runner/work/fleet-mobile/fleet-mobile/shared/src/commonMain/kotlin/dev/claudefleet/mobile/ui/NewSessionViewModel.kt:508:56 Condition is always 'true'.
w: file:///home/runner/work/fleet-mobile/fleet-mobile/shared/src/commonMain/kotlin/dev/claudefleet/mobile/ui/ProjectToolsViewModel.kt:146:85 Unnecessary non-null assertion (!!) on a non-null receiver of type 'String'.
w: file:///home/runner/work/fleet-mobile/fleet-mobile/shared/src/commonMain/kotlin/dev/claudefleet/mobile/ui/SessionScreen.kt:1695:21 'val LocalClipboardManager: ProvidableCompositionLocal<ClipboardManager>' is deprecated. Use LocalClipboard instead which supports suspend functions.
w: file:///home/runner/work/fleet-mobile/fleet-mobile/shared/src/commonMain/kotlin/dev/claudefleet/mobile/ui/SessionTasksSheet.kt:241:21 'val LocalClipboardManager: ProvidableCompositionLocal<ClipboardManager>' is deprecated. Use LocalClipboard instead which supports suspend functions.
w: file:///home/runner/work/fleet-mobile/fleet-mobile/shared/src/commonMain/kotlin/dev/claudefleet/mobile/ui/TodaySheet.kt:117:21 'val LocalClipboardManager: ProvidableCompositionLocal<ClipboardManager>' is deprecated. Use LocalClipboard instead which supports suspend functions.
w: file:///home/runner/work/fleet-mobile/fleet-mobile/shared/src/commonMain/kotlin/dev/claudefleet/mobile/ui/components/MiniMarkdown.kt:1284:21 'val LocalClipboardManager: ProvidableCompositionLocal<ClipboardManager>' is deprecated. Use LocalClipboard instead which supports suspend functions.
w: file:///home/runner/work/fleet-mobile/fleet-mobile/shared/src/commonMain/kotlin/dev/claudefleet/mobile/ui/components/TicketCardBody.kt:33:21 'val LocalClipboardManager: ProvidableCompositionLocal<ClipboardManager>' is deprecated. Use LocalClipboard instead which supports suspend functions.
w: file:///home/runner/work/fleet-mobile/fleet-mobile/shared/src/jvmMain/kotlin/dev/claudefleet/mobile/ui/Share.jvm.kt:10:21 'val LocalClipboardManager: ProvidableCompositionLocal<ClipboardManager>' is deprecated. Use LocalClipboard instead which supports suspend functions.

> Task :shared:compileJvmMainJava NO-SOURCE
> Task :shared:jvmMainClasses
> Task :shared:jvmJar

> Task :shared:compileTestKotlinJvm
w: file:///home/runner/work/fleet-mobile/fleet-mobile/shared/src/commonTest/kotlin/dev/claudefleet/mobile/notify/NeedsYouCheckTest.kt:249:9 This declaration needs opt-in. Its usage should be marked with '@kotlinx.coroutines.ExperimentalCoroutinesApi' or '@OptIn(kotlinx.coroutines.ExperimentalCoroutinesApi::class)'
w: file:///home/runner/work/fleet-mobile/fleet-mobile/shared/src/commonTest/kotlin/dev/claudefleet/mobile/notify/NeedsYouCheckTest.kt:265:9 This declaration needs opt-in. Its usage should be marked with '@kotlinx.coroutines.ExperimentalCoroutinesApi' or '@OptIn(kotlinx.coroutines.ExperimentalCoroutinesApi::class)'
w: file:///home/runner/work/fleet-mobile/fleet-mobile/shared/src/commonTest/kotlin/dev/claudefleet/mobile/notify/NeedsYouCheckTest.kt:268:9 This declaration needs opt-in. Its usage should be marked with '@kotlinx.coroutines.ExperimentalCoroutinesApi' or '@OptIn(kotlinx.coroutines.ExperimentalCoroutinesApi::class)'
w: file:///home/runner/work/fleet-mobile/fleet-mobile/shared/src/commonTest/kotlin/dev/claudefleet/mobile/notify/NeedsYouTest.kt:72:9 This declaration needs opt-in. Its usage should be marked with '@kotlinx.coroutines.ExperimentalCoroutinesApi' or '@OptIn(kotlinx.coroutines.ExperimentalCoroutinesApi::class)'
w: file:///home/runner/work/fleet-mobile/fleet-mobile/shared/src/commonTest/kotlin/dev/claudefleet/mobile/notify/NeedsYouTest.kt:76:9 This declaration needs opt-in. Its usage should be marked with '@kotlinx.coroutines.ExperimentalCoroutinesApi' or '@OptIn(kotlinx.coroutines.ExperimentalCoroutinesApi::class)'
w: file:///home/runner/work/fleet-mobile/fleet-mobile/shared/src/commonTest/kotlin/dev/claudefleet/mobile/notify/NeedsYouTest.kt:78:9 This declaration needs opt-in. Its usage should be marked with '@kotlinx.coroutines.ExperimentalCoroutinesApi' or '@OptIn(kotlinx.coroutines.ExperimentalCoroutinesApi::class)'
w: file:///home/runner/work/fleet-mobile/fleet-mobile/shared/src/commonTest/kotlin/dev/claudefleet/mobile/notify/NeedsYouTest.kt:82:9 This declaration needs opt-in. Its usage should be marked with '@kotlinx.coroutines.ExperimentalCoroutinesApi' or '@OptIn(kotlinx.coroutines.ExperimentalCoroutinesApi::class)'
w: file:///home/runner/work/fleet-mobile/fleet-mobile/shared/src/commonTest/kotlin/dev/claudefleet/mobile/notify/NeedsYouTest.kt:92:9 This declaration needs opt-in. Its usage should be marked with '@kotlinx.coroutines.ExperimentalCoroutinesApi' or '@OptIn(kotlinx.coroutines.ExperimentalCoroutinesApi::class)'
w: file:///home/runner/work/fleet-mobile/fleet-mobile/shared/src/commonTest/kotlin/dev/claudefleet/mobile/notify/NeedsYouTest.kt:96:9 This declaration needs opt-in. Its usage should be marked with '@kotlinx.coroutines.ExperimentalCoroutinesApi' or '@OptIn(kotlinx.coroutines.ExperimentalCoroutinesApi::class)'
w: file:///home/runner/work/fleet-mobile/fleet-mobile/shared/src/commonTest/kotlin/dev/claudefleet/mobile/notify/NeedsYouTest.kt:98:9 This declaration needs opt-in. Its usage should be marked with '@kotlinx.coroutines.ExperimentalCoroutinesApi' or '@OptIn(kotlinx.coroutines.ExperimentalCoroutinesApi::class)'
w: file:///home/runner/work/fleet-mobile/fleet-mobile/shared/src/commonTest/kotlin/dev/claudefleet/mobile/notify/NeedsYouTest.kt:109:9 This declaration needs opt-in. Its usage should be marked with '@kotlinx.coroutines.ExperimentalCoroutinesApi' or '@OptIn(kotlinx.coroutines.ExperimentalCoroutinesApi::class)'
w: file:///home/runner/work/fleet-mobile/fleet-mobile/shared/src/commonTest/kotlin/dev/claudefleet/mobile/notify/NeedsYouTest.kt:112:9 This declaration needs opt-in. Its usage should be marked with '@kotlinx.coroutines.ExperimentalCoroutinesApi' or '@OptIn(kotlinx.coroutines.ExperimentalCoroutinesApi::class)'
w: file:///home/runner/work/fleet-mobile/fleet-mobile/shared/src/commonTest/kotlin/dev/claudefleet/mobile/notify/NeedsYouTest.kt:124:9 This declaration needs opt-in. Its usage should be marked with '@kotlinx.coroutines.ExperimentalCoroutinesApi' or '@OptIn(kotlinx.coroutines.ExperimentalCoroutinesApi::class)'
w: file:///home/runner/work/fleet-mobile/fleet-mobile/shared/src/commonTest/kotlin/dev/claudefleet/mobile/notify/NeedsYouTest.kt:129:9 This declaration needs opt-in. Its usage should be marked with '@kotlinx.coroutines.ExperimentalCoroutinesApi' or '@OptIn(kotlinx.coroutines.ExperimentalCoroutinesApi::class)'
w: file:///home/runner/work/fleet-mobile/fleet-mobile/shared/src/commonTest/kotlin/dev/claudefleet/mobile/ui/AgentViewModelTest.kt:39:9 This declaration needs opt-in. Its usage should be marked with '@kotlinx.coroutines.ExperimentalCoroutinesApi' or '@OptIn(kotlinx.coroutines.ExperimentalCoroutinesApi::class)'
w: file:///home/runner/work/fleet-mobile/fleet-mobile/shared/src/commonTest/kotlin/dev/claudefleet/mobile/ui/AgentViewModelTest.kt:49:9 This declaration needs opt-in. Its usage should be marked with '@kotlinx.coroutines.ExperimentalCoroutinesApi' or '@OptIn(kotlinx.coroutines.ExperimentalCoroutinesApi::class)'
w: file:///home/runner/work/fleet-mobile/fleet-mobile/shared/src/commonTest/kotlin/dev/claudefleet/mobile/ui/AgentViewModelTest.kt:60:9 This declaration needs opt-in. Its usage should be marked with '@kotlinx.coroutines.ExperimentalCoroutinesApi' or '@OptIn(kotlinx.coroutines.ExperimentalCoroutinesApi::class)'
w: file:///home/runner/work/fleet-mobile/fleet-mobile/shared/src/commonTest/kotlin/dev/claudefleet/mobile/ui/AgentViewModelTest.kt:64:9 This declaration needs opt-in. Its usage should be marked with '@kotlinx.coroutines.ExperimentalCoroutinesApi' or '@OptIn(kotlinx.coroutines.ExperimentalCoroutinesApi::class)'
w: file:///home/runner/work/fleet-mobile/fleet-mobile/shared/src/commonTest/kotlin/dev/claudefleet/mobile/ui/AgentViewModelTest.kt:71:9 This declaration needs opt-in. Its usage should be marked with '@kotlinx.coroutines.ExperimentalCoroutinesApi' or '@OptIn(kotlinx.coroutines.ExperimentalCoroutinesApi::class)'
w: file:///home/runner/work/fleet-mobile/fleet-mobile/shared/src/commonTest/kotlin/dev/claudefleet/mobile/ui/AgentViewModelTest.kt:85:9 This declaration needs opt-in. Its usage should be marked with '@kotlinx.coroutines.ExperimentalCoroutinesApi' or '@OptIn(kotlinx.coroutines.ExperimentalCoroutinesApi::class)'
w: file:///home/runner/work/fleet-mobile/fleet-mobile/shared/src/commonTest/kotlin/dev/claudefleet/mobile/ui/AgentViewModelTest.kt:90:9 This declaration needs opt-in. Its usage should be marked with '@kotlinx.coroutines.ExperimentalCoroutinesApi' or '@OptIn(kotlinx.coroutines.ExperimentalCoroutinesApi::class)'
w: file:///home/runner/work/fleet-mobile/fleet-mobile/shared/src/commonTest/kotlin/dev/claudefleet/mobile/ui/BulkViewModelTest.kt:85:9 This declaration needs opt-in. Its usage should be marked with '@kotlinx.coroutines.ExperimentalCoroutinesApi' or '@OptIn(kotlinx.coroutines.ExperimentalCoroutinesApi::class)'
w: file:///home/runner/work/fleet-mobile/fleet-mobile/shared/src/commonTest/kotlin/dev/claudefleet/mobile/ui/BulkViewModelTest.kt:90:9 This declaration needs opt-in. Its usage should be marked with '@kotlinx.coroutines.ExperimentalCoroutinesApi' or '@OptIn(kotlinx.coroutines.ExperimentalCoroutinesApi::class)'
w: file:///home/runner/work/fleet-mobile/fleet-mobile/shared/src/commonTest/kotlin/dev/claudefleet/mobile/ui/BulkViewModelTest.kt:98:9 This declaration needs opt-in. Its usage should be marked with '@kotlinx.coroutines.ExperimentalCoroutinesApi' or '@OptIn(kotlinx.coroutines.ExperimentalCoroutinesApi::class)'
w: file:///home/runner/work/fleet-mobile/fleet-mobile/shared/src/commonTest/kotlin/dev/claudefleet/mobile/ui/BulkViewModelTest.kt:108:9 This declaration needs opt-in. Its usage should be marked with '@kotlinx.coroutines.ExperimentalCoroutinesApi' or '@OptIn(kotlinx.coroutines.ExperimentalCoroutinesApi::class)'
w: file:///home/runner/work/fleet-mobile/fleet-mobile/shared/src/commonTest/kotlin/dev/claudefleet/mobile/ui/BulkViewModelTest.kt:118:9 This declaration needs opt-in. Its usage should be marked with '@kotlinx.coroutines.ExperimentalCoroutinesApi' or '@OptIn(kotlinx.coroutines.ExperimentalCoroutinesApi::class)'
w: file:///home/runner/work/fleet-mobile/fleet-mobile/shared/src/commonTest/kotlin/dev/claudefleet/mobile/ui/BulkViewModelTest.kt:122:9 This declaration needs opt-in. Its usage should be marked with '@kotlinx.coroutines.ExperimentalCoroutinesApi' or '@OptIn(kotlinx.coroutines.ExperimentalCoroutinesApi::class)'
w: file:///home/runner/work/fleet-mobile/fleet-mobile/shared/src/commonTest/kotlin/dev/claudefleet/mobile/ui/BulkViewModelTest.kt:138:9 This declaration needs opt-in. Its usage should be marked with '@kotlinx.coroutines.ExperimentalCoroutinesApi' or '@OptIn(kotlinx.coroutines.ExperimentalCoroutinesApi::class)'
w: file:///home/runner/work/fleet-mobile/fleet-mobile/shared/src/commonTest/kotlin/dev/claudefleet/mobile/ui/BulkViewModelTest.kt:150:9 This declaration needs opt-in. Its usage should be marked with '@kotlinx.coroutines.ExperimentalCoroutinesApi' or '@OptIn(kotlinx.coroutines.ExperimentalCoroutinesApi::class)'
w: file:///home/runner/work/fleet-mobile/fleet-mobile/shared/src/commonTest/kotlin/dev/claudefleet/mobile/ui/BulkViewModelTest.kt:154:9 This declaration needs opt-in. Its usage should be marked with '@kotlinx.coroutines.ExperimentalCoroutinesApi' or '@OptIn(kotlinx.coroutines.ExperimentalCoroutinesApi::class)'
w: file:///home/runner/work/fleet-mobile/fleet-mobile/shared/src/commonTest/kotlin/dev/claudefleet/mobile/ui/BulkViewModelTest.kt:168:9 This declaration needs opt-in. Its usage should be marked with '@kotlinx.coroutines.ExperimentalCoroutinesApi' or '@OptIn(kotlinx.coroutines.ExperimentalCoroutinesApi::class)'
w: file:///home/runner/work/fleet-mobile/fleet-mobile/shared/src/commonTest/kotlin/dev/claudefleet/mobile/ui/BulkViewModelTest.kt:180:9 This declaration needs opt-in. Its usage should be marked with '@kotlinx.coroutines.ExperimentalCoroutinesApi' or '@OptIn(kotlinx.coroutines.ExperimentalCoroutinesApi::class)'
w: file:///home/runner/work/fleet-mobile/fleet-mobile/shared/src/commonTest/kotlin/dev/claudefleet/mobile/ui/CompanyViewModelTest.kt:53:9 This declaration needs opt-in. Its usage should be marked with '@kotlinx.coroutines.ExperimentalCoroutinesApi' or '@OptIn(kotlinx.coroutines.ExperimentalCoroutinesApi::class)'
w: file:///home/runner/work/fleet-mobile/fleet-mobile/shared/src/commonTest/kotlin/dev/claudefleet/mobile/ui/CompanyViewModelTest.kt:66:9 This declaration needs opt-in. Its usage should be marked with '@kotlinx.coroutines.ExperimentalCoroutinesApi' or '@OptIn(kotlinx.coroutines.ExperimentalCoroutinesApi::class)'
w: file:///home/runner/work/fleet-mobile/fleet-mobile/shared/src/commonTest/kotlin/dev/claudefleet/mobile/ui/CompanyViewModelTest.kt:78:9 This declaration needs opt-in. Its usage should be marked with '@kotlinx.coroutines.ExperimentalCoroutinesApi' or '@OptIn(kotlinx.coroutines.ExperimentalCoroutinesApi::class)'
w: file:///home/runner/work/fleet-mobile/fleet-mobile/shared/src/commonTest/kotlin/dev/claudefleet/mobile/ui/CompanyViewModelTest.kt:82:9 This declaration needs opt-in. Its usage should be marked with '@kotlinx.coroutines.ExperimentalCoroutinesApi' or '@OptIn(kotlinx.coroutines.ExperimentalCoroutinesApi::class)'
w: file:///home/runner/work/fleet-mobile/fleet-mobile/shared/src/commonTest/kotlin/dev/claudefleet/mobile/ui/CompanyViewModelTest.kt:95:9 This declaration needs opt-in. Its usage should be marked with '@kotlinx.coroutines.ExperimentalCoroutinesApi' or '@OptIn(kotlinx.coroutines.ExperimentalCoroutinesApi::class)'
w: file:///home/runner/work/fleet-mobile/fleet-mobile/shared/src/commonTest/kotlin/dev/claudefleet/mobile/ui/CompanyViewModelTest.kt:108:9 This declaration needs opt-in. Its usage should be marked with '@kotlinx.coroutines.ExperimentalCoroutinesApi' or '@OptIn(kotlinx.coroutines.ExperimentalCoroutinesApi::class)'
w: file:///home/runner/work/fleet-mobile/fleet-mobile/shared/src/commonTest/kotlin/dev/claudefleet/mobile/ui/CompanyViewModelTest.kt:114:9 This declaration needs opt-in. Its usage should be marked with '@kotlinx.coroutines.ExperimentalCoroutinesApi' or '@OptIn(kotlinx.coroutines.ExperimentalCoroutinesApi::class)'
w: file:///home/runner/work/fleet-mobile/fleet-mobile/shared/src/commonTest/kotlin/dev/claudefleet/mobile/ui/FilesViewModelTest.kt:116:9 This declaration needs opt-in. Its usage should be marked with '@kotlinx.coroutines.ExperimentalCoroutinesApi' or '@OptIn(kotlinx.coroutines.ExperimentalCoroutinesApi::class)'
w: file:///home/runner/work/fleet-mobile/fleet-mobile/shared/src/commonTest/kotlin/dev/claudefleet/mobile/ui/FilesViewModelTest.kt:122:9 This declaration needs opt-in. Its usage should be marked with '@kotlinx.coroutines.ExperimentalCoroutinesApi' or '@OptIn(kotlinx.coroutines.ExperimentalCoroutinesApi::class)'
w: file:///home/runner/work/fleet-mobile/fleet-mobile/shared/src/commonTest/kotlin/dev/claudefleet/mobile/ui/FilesViewModelTest.kt:134:9 This declaration needs opt-in. Its usage should be marked with '@kotlinx.coroutines.ExperimentalCoroutinesApi' or '@OptIn(kotlinx.coroutines.ExperimentalCoroutinesApi::class)'
w: file:///home/runner/work/fleet-mobile/fleet-mobile/shared/src/commonTest/kotlin/dev/claudefleet/mobile/ui/FilesViewModelTest.kt:155:9 This declaration needs opt-in. Its usage should be marked with '@kotlinx.coroutines.ExperimentalCoroutinesApi' or '@OptIn(kotlinx.coroutines.ExperimentalCoroutinesApi::class)'
w: file:///home/runner/work/fleet-mobile/fleet-mobile/shared/src/commonTest/kotlin/dev/claudefleet/mobile/ui/FilesViewModelTest.kt:160:9 This declaration needs opt-in. Its usage should be marked with '@kotlinx.coroutines.ExperimentalCoroutinesApi' or '@OptIn(kotlinx.coroutines.ExperimentalCoroutinesApi::class)'
w: file:///home/runner/work/fleet-mobile/fleet-mobile/shared/src/commonTest/kotlin/dev/claudefleet/mobile/ui/FilesViewModelTest.kt:161:9 This declaration needs opt-in. Its usage should be marked with '@kotlinx.coroutines.ExperimentalCoroutinesApi' or '@OptIn(kotlinx.coroutines.ExperimentalCoroutinesApi::class)'
w: file:///home/runner/work/fleet-mobile/fleet-mobile/shared/src/commonTest/kotlin/dev/claudefleet/mobile/ui/FilesViewModelTest.kt:167:9 This declaration needs opt-in. Its usage should be marked with '@kotlinx.coroutines.ExperimentalCoroutinesApi' or '@OptIn(kotlinx.coroutines.ExperimentalCoroutinesApi::class)'
w: file:///home/runner/work/fleet-mobile/fleet-mobile/shared/src/commonTest/kotlin/dev/claudefleet/mobile/ui/FilesViewModelTest.kt:168:9 This declaration needs opt-in. Its usage should be marked with '@kotlinx.coroutines.ExperimentalCoroutinesApi' or '@OptIn(kotlinx.coroutines.ExperimentalCoroutinesApi::class)'
w: file:///home/runner/work/fleet-mobile/fleet-mobile/shared/src/commonTest/kotlin/dev/claudefleet/mobile/ui/FilesViewModelTest.kt:178:9 This declaration needs opt-in. Its usage should be marked with '@kotlinx.coroutines.ExperimentalCoroutinesApi' or '@OptIn(kotlinx.coroutines.ExperimentalCoroutinesApi::class)'
w: file:///home/runner/work/fleet-mobile/fleet-mobile/shared/src/commonTest/kotlin/dev/claudefleet/mobile/ui/FilesViewModelTest.kt:181:9 This declaration needs opt-in. Its usage should be marked with '@kotlinx.coroutines.ExperimentalCoroutinesApi' or '@OptIn(kotlinx.coroutines.ExperimentalCoroutinesApi::class)'
w: file:///home/runner/work/fleet-mobile/fleet-mobile/shared/src/commonTest/kotlin/dev/claudefleet/mobile/ui/FilesViewModelTest.kt:190:9 This declaration needs opt-in. Its usage should be marked with '@kotlinx.coroutines.ExperimentalCoroutinesApi' or '@OptIn(kotlinx.coroutines.ExperimentalCoroutinesApi::class)'
w: file:///home/runner/work/fleet-mobile/fleet-mobile/shared/src/commonTest/kotlin/dev/claudefleet/mobile/ui/FilesViewModelTest.kt:195:9 This declaration needs opt-in. Its usage should be marked with '@kotlinx.coroutines.ExperimentalCoroutinesApi' or '@OptIn(kotlinx.coroutines.ExperimentalCoroutinesApi::class)'
w: file:///home/runner/work/fleet-mobile/fleet-mobile/shared/src/commonTest/kotlin/dev/claudefleet/mobile/ui/FilesViewModelTest.kt:208:9 This declaration needs opt-in. Its usage should be marked with '@kotlinx.coroutines.ExperimentalCoroutinesApi' or '@OptIn(kotlinx.coroutines.ExperimentalCoroutinesApi::class)'
w: file:///home/runner/work/fleet-mobile/fleet-mobile/shared/src/commonTest/kotlin/dev/claudefleet/mobile/ui/FilesViewModelTest.kt:211:9 This declaration needs opt-in. Its usage should be marked with '@kotlinx.coroutines.ExperimentalCoroutinesApi' or '@OptIn(kotlinx.coroutines.ExperimentalCoroutinesApi::class)'
w: file:///home/runner/work/fleet-mobile/fleet-mobile/shared/src/commonTest/kotlin/dev/claudefleet/mobile/ui/FilesViewModelTest.kt:222:9 This declaration needs opt-in. Its usage should be marked with '@kotlinx.coroutines.ExperimentalCoroutinesApi' or '@OptIn(kotlinx.coroutines.ExperimentalCoroutinesApi::class)'
w: file:///home/runner/work/fleet-mobile/fleet-mobile/shared/src/commonTest/kotlin/dev/claudefleet/mobile/ui/FilesViewModelTest.kt:238:9 This declaration needs opt-in. Its usage should be marked with '@kotlinx.coroutines.ExperimentalCoroutinesApi' or '@OptIn(kotlinx.coroutines.ExperimentalCoroutinesApi::class)'
w: file:///home/runner/work/fleet-mobile/fleet-mobile/shared/src/commonTest/kotlin/dev/claudefleet/mobile/ui/FilesViewModelTest.kt:242:9 This declaration needs opt-in. Its usage should be marked with '@kotlinx.coroutines.ExperimentalCoroutinesApi' or '@OptIn(kotlinx.coroutines.ExperimentalCoroutinesApi::class)'
w: file:///home/runner/work/fleet-mobile/fleet-mobile/shared/src/commonTest/kotlin/dev/claudefleet/mobile/ui/FilesViewModelTest.kt:258:9 This declaration needs opt-in. Its usage should be marked with '@kotlinx.coroutines.ExperimentalCoroutinesApi' or '@OptIn(kotlinx.coroutines.ExperimentalCoroutinesApi::class)'
w: file:///home/runner/work/fleet-mobile/fleet-mobile/shared/src/commonTest/kotlin/dev/claudefleet/mobile/ui/FilesViewModelTest.kt:261:9 This declaration needs opt-in. Its usage should be marked with '@kotlinx.coroutines.ExperimentalCoroutinesApi' or '@OptIn(kotlinx.coroutines.ExperimentalCoroutinesApi::class)'
w: file:///home/runner/work/fleet-mobile/fleet-mobile/shared/src/commonTest/kotlin/dev/claudefleet/mobile/ui/FilesViewModelTest.kt:271:9 This declaration needs opt-in. Its usage should be marked with '@kotlinx.coroutines.ExperimentalCoroutinesApi' or '@OptIn(kotlinx.coroutines.ExperimentalCoroutinesApi::class)'
w: file:///home/runner/work/fleet-mobile/fleet-mobile/shared/src/commonTest/kotlin/dev/claudefleet/mobile/ui/FilesViewModelTest.kt:275:9 This declaration needs opt-in. Its usage should be marked with '@kotlinx.coroutines.ExperimentalCoroutinesApi' or '@OptIn(kotlinx.coroutines.ExperimentalCoroutinesApi::class)'
w: file:///home/runner/work/fleet-mobile/fleet-mobile/shared/src/commonTest/kotlin/dev/claudefleet/mobile/ui/FilesViewModelTest.kt:285:9 This declaration needs opt-in. Its usage should be marked with '@kotlinx.coroutines.ExperimentalCoroutinesApi' or '@OptIn(kotlinx.coroutines.ExperimentalCoroutinesApi::class)'
w: file:///home/runner/work/fleet-mobile/fleet-mobile/shared/src/commonTest/kotlin/dev/claudefleet/mobile/ui/FilesViewModelTest.kt:298:13 This declaration needs opt-in. Its usage should be marked with '@kotlinx.coroutines.ExperimentalCoroutinesApi' or '@OptIn(kotlinx.coroutines.ExperimentalCoroutinesApi::class)'
w: file:///home/runner/work/fleet-mobile/fleet-mobile/shared/src/commonTest/kotlin/dev/claudefleet/mobile/ui/FilesViewModelTest.kt:303:13 This declaration needs opt-in. Its usage should be marked with '@kotlinx.coroutines.ExperimentalCoroutinesApi' or '@OptIn(kotlinx.coroutines.ExperimentalCoroutinesApi::class)'
w: file:///home/runner/work/fleet-mobile/fleet-mobile/shared/src/commonTest/kotlin/dev/claudefleet/mobile/ui/FilesViewModelTest.kt:320:9 This declaration needs opt-in. Its usage should be marked with '@kotlinx.coroutines.ExperimentalCoroutinesApi' or '@OptIn(kotlinx.coroutines.ExperimentalCoroutinesApi::class)'
w: file:///home/runner/work/fleet-mobile/fleet-mobile/shared/src/commonTest/kotlin/dev/claudefleet/mobile/ui/FilesViewModelTest.kt:324:9 This declaration needs opt-in. Its usage should be marked with '@kotlinx.coroutines.ExperimentalCoroutinesApi' or '@OptIn(kotlinx.coroutines.ExperimentalCoroutinesApi::class)'
w: file:///home/runner/work/fleet-mobile/fleet-mobile/shared/src/commonTest/kotlin/dev/claudefleet/mobile/ui/FilesViewModelTest.kt:330:9 This declaration needs opt-in. Its usage should be marked with '@kotlinx.coroutines.ExperimentalCoroutinesApi' or '@OptIn(kotlinx.coroutines.ExperimentalCoroutinesApi::class)'
w: file:///home/runner/work/fleet-mobile/fleet-mobile/shared/src/commonTest/kotlin/dev/claudefleet/mobile/ui/HostDetailViewModelTest.kt:83:9 This declaration needs opt-in. Its usage should be marked with '@kotlinx.coroutines.ExperimentalCoroutinesApi' or '@OptIn(kotlinx.coroutines.ExperimentalCoroutinesApi::class)'
w: file:///home/runner/work/fleet-mobile/fleet-mobile/shared/src/commonTest/kotlin/dev/claudefleet/mobile/ui/HostDetailViewModelTest.kt:98:9 This declaration needs opt-in. Its usage should be marked with '@kotlinx.coroutines.ExperimentalCoroutinesApi' or '@OptIn(kotlinx.coroutines.ExperimentalCoroutinesApi::class)'
w: file:///home/runner/work/fleet-mobile/fleet-mobile/shared/src/commonTest/kotlin/dev/claudefleet/mobile/ui/HostDetailViewModelTest.kt:112:9 This declaration needs opt-in. Its usage should be marked with '@kotlinx.coroutines.ExperimentalCoroutinesApi' or '@OptIn(kotlinx.coroutines.ExperimentalCoroutinesApi::class)'
w: file:///home/runner/work/fleet-mobile/fleet-mobile/shared/src/commonTest/kotlin/dev/claudefleet/mobile/ui/HostDetailViewModelTest.kt:115:9 This declaration needs opt-in. Its usage should be marked with '@kotlinx.coroutines.ExperimentalCoroutinesApi' or '@OptIn(kotlinx.coroutines.ExperimentalCoroutinesApi::class)'
w: file:///home/runner/work/fleet-mobile/fleet-mobile/shared/src/commonTest/kotlin/dev/claudefleet/mobile/ui/HostDetailViewModelTest.kt:127:9 This declaration needs opt-in. Its usage should be marked with '@kotlinx.coroutines.ExperimentalCoroutinesApi' or '@OptIn(kotlinx.coroutines.ExperimentalCoroutinesApi::class)'
w: file:///home/runner/work/fleet-mobile/fleet-mobile/shared/src/commonTest/kotlin/dev/claudefleet/mobile/ui/HostDetailViewModelTest.kt:131:9 This declaration needs opt-in. Its usage should be marked with '@kotlinx.coroutines.ExperimentalCoroutinesApi' or '@OptIn(kotlinx.coroutines.ExperimentalCoroutinesApi::class)'
w: file:///home/runner/work/fleet-mobile/fleet-mobile/shared/src/commonTest/kotlin/dev/claudefleet/mobile/ui/HostDetailViewModelTest.kt:143:9 This declaration needs opt-in. Its usage should be marked with '@kotlinx.coroutines.ExperimentalCoroutinesApi' or '@OptIn(kotlinx.coroutines.ExperimentalCoroutinesApi::class)'
w: file:///home/runner/work/fleet-mobile/fleet-mobile/shared/src/commonTest/kotlin/dev/claudefleet/mobile/ui/MissionsTest.kt:164:9 This declaration needs opt-in. Its usage should be marked with '@kotlinx.coroutines.ExperimentalCoroutinesApi' or '@OptIn(kotlinx.coroutines.ExperimentalCoroutinesApi::class)'
w: file:///home/runner/work/fleet-mobile/fleet-mobile/shared/src/commonTest/kotlin/dev/claudefleet/mobile/ui/MissionsTest.kt:168:9 This declaration needs opt-in. Its usage should be marked with '@kotlinx.coroutines.ExperimentalCoroutinesApi' or '@OptIn(kotlinx.coroutines.ExperimentalCoroutinesApi::class)'
w: file:///home/runner/work/fleet-mobile/fleet-mobile/shared/src/commonTest/kotlin/dev/claudefleet/mobile/ui/MissionsTest.kt:180:9 This declaration needs opt-in. Its usage should be marked with '@kotlinx.coroutines.ExperimentalCoroutinesApi' or '@OptIn(kotlinx.coroutines.ExperimentalCoroutinesApi::class)'
w: file:///home/runner/work/fleet-mobile/fleet-mobile/shared/src/commonTest/kotlin/dev/claudefleet/mobile/ui/MissionsTest.kt:184:9 This declaration needs opt-in. Its usage should be marked with '@kotlinx.coroutines.ExperimentalCoroutinesApi' or '@OptIn(kotlinx.coroutines.ExperimentalCoroutinesApi::class)'
w: file:///home/runner/work/fleet-mobile/fleet-mobile/shared/src/commonTest/kotlin/dev/claudefleet/mobile/ui/MissionsTest.kt:197:9 This declaration needs opt-in. Its usage should be marked with '@kotlinx.coroutines.ExperimentalCoroutinesApi' or '@OptIn(kotlinx.coroutines.ExperimentalCoroutinesApi::class)'
w: file:///home/runner/work/fleet-mobile/fleet-mobile/shared/src/commonTest/kotlin/dev/claudefleet/mobile/ui/MissionsTest.kt:200:9 This declaration needs opt-in. Its usage should be marked with '@kotlinx.coroutines.ExperimentalCoroutinesApi' or '@OptIn(kotlinx.coroutines.ExperimentalCoroutinesApi::class)'
w: file:///home/runner/work/fleet-mobile/fleet-mobile/shared/src/commonTest/kotlin/dev/claudefleet/mobile/ui/MissionsTest.kt:204:9 This declaration needs opt-in. Its usage should be marked with '@kotlinx.coroutines.ExperimentalCoroutinesApi' or '@OptIn(kotlinx.coroutines.ExperimentalCoroutinesApi::class)'
w: file:///home/runner/work/fleet-mobile/fleet-mobile/shared/src/commonTest/kotlin/dev/claudefleet/mobile/ui/MissionsTest.kt:215:9 This declaration needs opt-in. Its usage should be marked with '@kotlinx.coroutines.ExperimentalCoroutinesApi' or '@OptIn(kotlinx.coroutines.ExperimentalCoroutinesApi::class)'
w: file:///home/runner/work/fleet-mobile/fleet-mobile/shared/src/commonTest/kotlin/dev/claudefleet/mobile/ui/MissionsTest.kt:219:9 This declaration needs opt-in. Its usage should be marked with '@kotlinx.coroutines.ExperimentalCoroutinesApi' or '@OptIn(kotlinx.coroutines.ExperimentalCoroutinesApi::class)'
w: file:///home/runner/work/fleet-mobile/fleet-mobile/shared/src/commonTest/kotlin/dev/claudefleet/mobile/ui/MoveViewModelTest.kt:62:9 This declaration needs opt-in. Its usage should be marked with '@kotlinx.coroutines.ExperimentalCoroutinesApi' or '@OptIn(kotlinx.coroutines.ExperimentalCoroutinesApi::class)'
w: file:///home/runner/work/fleet-mobile/fleet-mobile/shared/src/commonTest/kotlin/dev/claudefleet/mobile/ui/MoveViewModelTest.kt:72:9 This declaration needs opt-in. Its usage should be marked with '@kotlinx.coroutines.ExperimentalCoroutinesApi' or '@OptIn(kotlinx.coroutines.ExperimentalCoroutinesApi::class)'
w: file:///home/runner/work/fleet-mobile/fleet-mobile/shared/src/commonTest/kotlin/dev/claudefleet/mobile/ui/MoveViewModelTest.kt:77:9 This declaration needs opt-in. Its usage should be marked with '@kotlinx.coroutines.ExperimentalCoroutinesApi' or '@OptIn(kotlinx.coroutines.ExperimentalCoroutinesApi::class)'
w: file:///home/runner/work/fleet-mobile/fleet-mobile/shared/src/commonTest/kotlin/dev/claudefleet/mobile/ui/MoveViewModelTest.kt:92:9 This declaration needs opt-in. Its usage should be marked with '@kotlinx.coroutines.ExperimentalCoroutinesApi' or '@OptIn(kotlinx.coroutines.ExperimentalCoroutinesApi::class)'
w: file:///home/runner/work/fleet-mobile/fleet-mobile/shared/src/commonTest/kotlin/dev/claudefleet/mobile/ui/MoveViewModelTest.kt:96:9 This declaration needs opt-in. Its usage should be marked with '@kotlinx.coroutines.ExperimentalCoroutinesApi' or '@OptIn(kotlinx.coroutines.ExperimentalCoroutinesApi::class)'
w: file:///home/runner/work/fleet-mobile/fleet-mobile/shared/src/commonTest/kotlin/dev/claudefleet/mobile/ui/MoveViewModelTest.kt:104:9 This declaration needs opt-in. Its usage should be marked with '@kotlinx.coroutines.ExperimentalCoroutinesApi' or '@OptIn(kotlinx.coroutines.ExperimentalCoroutinesApi::class)'
w: file:///home/runner/work/fleet-mobile/fleet-mobile/shared/src/commonTest/kotlin/dev/claudefleet/mobile/ui/ProjectToolsViewModelTest.kt:75:9 This declaration needs opt-in. Its usage should be marked with '@kotlinx.coroutines.ExperimentalCoroutinesApi' or '@OptIn(kotlinx.coroutines.ExperimentalCoroutinesApi::class)'
w: file:///home/runner/work/fleet-mobile/fleet-mobile/shared/src/commonTest/kotlin/dev/claudefleet/mobile/ui/ProjectToolsViewModelTest.kt:80:9 This declaration needs opt-in. Its usage should be marked with '@kotlinx.coroutines.ExperimentalCoroutinesApi' or '@OptIn(kotlinx.coroutines.ExperimentalCoroutinesApi::class)'
w: file:///home/runner/work/fleet-mobile/fleet-mobile/shared/src/commonTest/kotlin/dev/claudefleet/mobile/ui/ProjectToolsViewModelTest.kt:96:9 This declaration needs opt-in. Its usage should be marked with '@kotlinx.coroutines.ExperimentalCoroutinesApi' or '@OptIn(kotlinx.coroutines.ExperimentalCoroutinesApi::class)'
w: file:///home/runner/work/fleet-mobile/fleet-mobile/shared/src/commonTest/kotlin/dev/claudefleet/mobile/ui/ProjectToolsViewModelTest.kt:101:9 This declaration needs opt-in. Its usage should be marked with '@kotlinx.coroutines.ExperimentalCoroutinesApi' or '@OptIn(kotlinx.coroutines.ExperimentalCoroutinesApi::class)'
w: file:///home/runner/work/fleet-mobile/fleet-mobile/shared/src/commonTest/kotlin/dev/claudefleet/mobile/ui/ProjectToolsViewModelTest.kt:111:9 This declaration needs opt-in. Its usage should be marked with '@kotlinx.coroutines.ExperimentalCoroutinesApi' or '@OptIn(kotlinx.coroutines.ExperimentalCoroutinesApi::class)'
w: file:///home/runner/work/fleet-mobile/fleet-mobile/shared/src/commonTest/kotlin/dev/claudefleet/mobile/ui/ProjectToolsViewModelTest.kt:115:9 This declaration needs opt-in. Its usage should be marked with '@kotlinx.coroutines.ExperimentalCoroutinesApi' or '@OptIn(kotlinx.coroutines.ExperimentalCoroutinesApi::class)'
w: file:///home/runner/work/fleet-mobile/fleet-mobile/shared/src/commonTest/kotlin/dev/claudefleet/mobile/ui/ProjectToolsViewModelTest.kt:124:9 This declaration needs opt-in. Its usage should be marked with '@kotlinx.coroutines.ExperimentalCoroutinesApi' or '@OptIn(kotlinx.coroutines.ExperimentalCoroutinesApi::class)'
w: file:///home/runner/work/fleet-mobile/fleet-mobile/shared/src/commonTest/kotlin/dev/claudefleet/mobile/ui/ProjectToolsViewModelTest.kt:129:9 This declaration needs opt-in. Its usage should be marked with '@kotlinx.coroutines.ExperimentalCoroutinesApi' or '@OptIn(kotlinx.coroutines.ExperimentalCoroutinesApi::class)'
w: file:///home/runner/work/fleet-mobile/fleet-mobile/shared/src/commonTest/kotlin/dev/claudefleet/mobile/ui/RepoViewModelTest.kt:93:9 This declaration needs opt-in. Its usage should be marked with '@kotlinx.coroutines.ExperimentalCoroutinesApi' or '@OptIn(kotlinx.coroutines.ExperimentalCoroutinesApi::class)'
w: file:///home/runner/work/fleet-mobile/fleet-mobile/shared/src/commonTest/kotlin/dev/claudefleet/mobile/ui/RepoViewModelTest.kt:95:9 This declaration needs opt-in. Its usage should be marked with '@kotlinx.coroutines.ExperimentalCoroutinesApi' or '@OptIn(kotlinx.coroutines.ExperimentalCoroutinesApi::class)'
w: file:///home/runner/work/fleet-mobile/fleet-mobile/shared/src/commonTest/kotlin/dev/claudefleet/mobile/ui/RepoViewModelTest.kt:105:9 This declaration needs opt-in. Its usage should be marked with '@kotlinx.coroutines.ExperimentalCoroutinesApi' or '@OptIn(kotlinx.coroutines.ExperimentalCoroutinesApi::class)'
w: file:///home/runner/work/fleet-mobile/fleet-mobile/shared/src/commonTest/kotlin/dev/claudefleet/mobile/ui/RepoViewModelTest.kt:110:9 This declaration needs opt-in. Its usage should be marked with '@kotlinx.coroutines.ExperimentalCoroutinesApi' or '@OptIn(kotlinx.coroutines.ExperimentalCoroutinesApi::class)'
w: file:///home/runner/work/fleet-mobile/fleet-mobile/shared/src/commonTest/kotlin/dev/claudefleet/mobile/ui/RepoViewModelTest.kt:114:9 This declaration needs opt-in. Its usage should be marked with '@kotlinx.coroutines.ExperimentalCoroutinesApi' or '@OptIn(kotlinx.coroutines.ExperimentalCoroutinesApi::class)'
w: file:///home/runner/work/fleet-mobile/fleet-mobile/shared/src/commonTest/kotlin/dev/claudefleet/mobile/ui/RepoViewModelTest.kt:121:9 This declaration needs opt-in. Its usage should be marked with '@kotlinx.coroutines.ExperimentalCoroutinesApi' or '@OptIn(kotlinx.coroutines.ExperimentalCoroutinesApi::class)'
w: file:///home/runner/work/fleet-mobile/fleet-mobile/shared/src/commonTest/kotlin/dev/claudefleet/mobile/ui/RepoViewModelTest.kt:125:9 This declaration needs opt-in. Its usage should be marked with '@kotlinx.coroutines.ExperimentalCoroutinesApi' or '@OptIn(kotlinx.coroutines.ExperimentalCoroutinesApi::class)'
w: file:///home/runner/work/fleet-mobile/fleet-mobile/shared/src/commonTest/kotlin/dev/claudefleet/mobile/ui/RepoViewModelTest.kt:130:9 This declaration needs opt-in. Its usage should be marked with '@kotlinx.coroutines.ExperimentalCoroutinesApi' or '@OptIn(kotlinx.coroutines.ExperimentalCoroutinesApi::class)'
w: file:///home/runner/work/fleet-mobile/fleet-mobile/shared/src/commonTest/kotlin/dev/claudefleet/mobile/ui/RepoViewModelTest.kt:139:9 This declaration needs opt-in. Its usage should be marked with '@kotlinx.coroutines.ExperimentalCoroutinesApi' or '@OptIn(kotlinx.coroutines.ExperimentalCoroutinesApi::class)'
w: file:///home/runner/work/fleet-mobile/fleet-mobile/shared/src/commonTest/kotlin/dev/claudefleet/mobile/ui/RepoViewModelTest.kt:141:9 This declaration needs opt-in. Its usage should be marked with '@kotlinx.coroutines.ExperimentalCoroutinesApi' or '@OptIn(kotlinx.coroutines.ExperimentalCoroutinesApi::class)'
w: file:///home/runner/work/fleet-mobile/fleet-mobile/shared/src/commonTest/kotlin/dev/claudefleet/mobile/ui/RepoViewModelTest.kt:145:9 This declaration needs opt-in. Its usage should be marked with '@kotlinx.coroutines.ExperimentalCoroutinesApi' or '@OptIn(kotlinx.coroutines.ExperimentalCoroutinesApi::class)'
w: file:///home/runner/work/fleet-mobile/fleet-mobile/shared/src/commonTest/kotlin/dev/claudefleet/mobile/ui/RepoViewModelTest.kt:154:9 This declaration needs opt-in. Its usage should be marked with '@kotlinx.coroutines.ExperimentalCoroutinesApi' or '@OptIn(kotlinx.coroutines.ExperimentalCoroutinesApi::class)'
w: file:///home/runner/work/fleet-mobile/fleet-mobile/shared/src/commonTest/kotlin/dev/claudefleet/mobile/ui/RepoViewModelTest.kt:157:9 This declaration needs opt-in. Its usage should be marked with '@kotlinx.coroutines.ExperimentalCoroutinesApi' or '@OptIn(kotlinx.coroutines.ExperimentalCoroutinesApi::class)'
w: file:///home/runner/work/fleet-mobile/fleet-mobile/shared/src/commonTest/kotlin/dev/claudefleet/mobile/ui/RepoViewModelTest.kt:165:9 This declaration needs opt-in. Its usage should be marked with '@kotlinx.coroutines.ExperimentalCoroutinesApi' or '@OptIn(kotlinx.coroutines.ExperimentalCoroutinesApi::class)'
w: file:///home/runner/work/fleet-mobile/fleet-mobile/shared/src/commonTest/kotlin/dev/claudefleet/mobile/ui/RepoViewModelTest.kt:171:9 This declaration needs opt-in. Its usage should be marked with '@kotlinx.coroutines.ExperimentalCoroutinesApi' or '@OptIn(kotlinx.coroutines.ExperimentalCoroutinesApi::class)'
w: file:///home/runner/work/fleet-mobile/fleet-mobile/shared/src/commonTest/kotlin/dev/claudefleet/mobile/ui/RepoViewModelTest.kt:173:9 This declaration needs opt-in. Its usage should be marked with '@kotlinx.coroutines.ExperimentalCoroutinesApi' or '@OptIn(kotlinx.coroutines.ExperimentalCoroutinesApi::class)'
w: file:///home/runner/work/fleet-mobile/fleet-mobile/shared/src/commonTest/kotlin/dev/claudefleet/mobile/ui/SessionDetailsViewModelTest.kt:79:9 This declaration needs opt-in. Its usage should be marked with '@kotlinx.coroutines.ExperimentalCoroutinesApi' or '@OptIn(kotlinx.coroutines.ExperimentalCoroutinesApi::class)'
w: file:///home/runner/work/fleet-mobile/fleet-mobile/shared/src/commonTest/kotlin/dev/claudefleet/mobile/ui/SessionDetailsViewModelTest.kt:96:9 This declaration needs opt-in. Its usage should be marked with '@kotlinx.coroutines.ExperimentalCoroutinesApi' or '@OptIn(kotlinx.coroutines.ExperimentalCoroutinesApi::class)'
w: file:///home/runner/work/fleet-mobile/fleet-mobile/shared/src/commonTest/kotlin/dev/claudefleet/mobile/ui/SessionDetailsViewModelTest.kt:109:9 This declaration needs opt-in. Its usage should be marked with '@kotlinx.coroutines.ExperimentalCoroutinesApi' or '@OptIn(kotlinx.coroutines.ExperimentalCoroutinesApi::class)'
w: file:///home/runner/work/fleet-mobile/fleet-mobile/shared/src/commonTest/kotlin/dev/claudefleet/mobile/ui/SessionDetailsViewModelTest.kt:119:9 This declaration needs opt-in. Its usage should be marked with '@kotlinx.coroutines.ExperimentalCoroutinesApi' or '@OptIn(kotlinx.coroutines.ExperimentalCoroutinesApi::class)'
w: file:///home/runner/work/fleet-mobile/fleet-mobile/shared/src/commonTest/kotlin/dev/claudefleet/mobile/ui/SessionDetailsViewModelTest.kt:122:9 This declaration needs opt-in. Its usage should be marked with '@kotlinx.coroutines.ExperimentalCoroutinesApi' or '@OptIn(kotlinx.coroutines.ExperimentalCoroutinesApi::class)'
w: file:///home/runner/work/fleet-mobile/fleet-mobile/shared/src/commonTest/kotlin/dev/claudefleet/mobile/ui/SessionDetailsViewModelTest.kt:126:9 This declaration needs opt-in. Its usage should be marked with '@kotlinx.coroutines.ExperimentalCoroutinesApi' or '@OptIn(kotlinx.coroutines.ExperimentalCoroutinesApi::class)'
w: file:///home/runner/work/fleet-mobile/fleet-mobile/shared/src/commonTest/kotlin/dev/claudefleet/mobile/ui/SessionDetailsViewModelTest.kt:135:9 This declaration needs opt-in. Its usage should be marked with '@kotlinx.coroutines.ExperimentalCoroutinesApi' or '@OptIn(kotlinx.coroutines.ExperimentalCoroutinesApi::class)'
w: file:///home/runner/work/fleet-mobile/fleet-mobile/shared/src/commonTest/kotlin/dev/claudefleet/mobile/ui/SessionDetailsViewModelTest.kt:138:9 This declaration needs opt-in. Its usage should be marked with '@kotlinx.coroutines.ExperimentalCoroutinesApi' or '@OptIn(kotlinx.coroutines.ExperimentalCoroutinesApi::class)'
w: file:///home/runner/work/fleet-mobile/fleet-mobile/shared/src/commonTest/kotlin/dev/claudefleet/mobile/ui/SessionDetailsViewModelTest.kt:139:9 This declaration needs opt-in. Its usage should be marked with '@kotlinx.coroutines.ExperimentalCoroutinesApi' or '@OptIn(kotlinx.coroutines.ExperimentalCoroutinesApi::class)'
w: file:///home/runner/work/fleet-mobile/fleet-mobile/shared/src/commonTest/kotlin/dev/claudefleet/mobile/ui/SessionDetailsViewModelTest.kt:143:9 This declaration needs opt-in. Its usage should be marked with '@kotlinx.coroutines.ExperimentalCoroutinesApi' or '@OptIn(kotlinx.coroutines.ExperimentalCoroutinesApi::class)'
w: file:///home/runner/work/fleet-mobile/fleet-mobile/shared/src/commonTest/kotlin/dev/claudefleet/mobile/ui/SessionDetailsViewModelTest.kt:146:9 This declaration needs opt-in. Its usage should be marked with '@kotlinx.coroutines.ExperimentalCoroutinesApi' or '@OptIn(kotlinx.coroutines.ExperimentalCoroutinesApi::class)'
w: file:///home/runner/work/fleet-mobile/fleet-mobile/shared/src/commonTest/kotlin/dev/claudefleet/mobile/ui/SessionDetailsViewModelTest.kt:147:9 This declaration needs opt-in. Its usage should be marked with '@kotlinx.coroutines.ExperimentalCoroutinesApi' or '@OptIn(kotlinx.coroutines.ExperimentalCoroutinesApi::class)'
w: file:///home/runner/work/fleet-mobile/fleet-mobile/shared/src/commonTest/kotlin/dev/claudefleet/mobile/ui/SessionDetailsViewModelTest.kt:156:9 This declaration needs opt-in. Its usage should be marked with '@kotlinx.coroutines.ExperimentalCoroutinesApi' or '@OptIn(kotlinx.coroutines.ExperimentalCoroutinesApi::class)'
w: file:///home/runner/work/fleet-mobile/fleet-mobile/shared/src/commonTest/kotlin/dev/claudefleet/mobile/ui/SessionDetailsViewModelTest.kt:164:9 This declaration needs opt-in. Its usage should be marked with '@kotlinx.coroutines.ExperimentalCoroutinesApi' or '@OptIn(kotlinx.coroutines.ExperimentalCoroutinesApi::class)'
w: file:///home/runner/work/fleet-mobile/fleet-mobile/shared/src/commonTest/kotlin/dev/claudefleet/mobile/ui/SessionDetailsViewModelTest.kt:166:9 This declaration needs opt-in. Its usage should be marked with '@kotlinx.coroutines.ExperimentalCoroutinesApi' or '@OptIn(kotlinx.coroutines.ExperimentalCoroutinesApi::class)'
w: file:///home/runner/work/fleet-mobile/fleet-mobile/shared/src/commonTest/kotlin/dev/claudefleet/mobile/ui/TidyTest.kt:95:9 This declaration needs opt-in. Its usage should be marked with '@kotlinx.coroutines.ExperimentalCoroutinesApi' or '@OptIn(kotlinx.coroutines.ExperimentalCoroutinesApi::class)'
w: file:///home/runner/work/fleet-mobile/fleet-mobile/shared/src/commonTest/kotlin/dev/claudefleet/mobile/ui/TidyTest.kt:99:9 This declaration needs opt-in. Its usage should be marked with '@kotlinx.coroutines.ExperimentalCoroutinesApi' or '@OptIn(kotlinx.coroutines.ExperimentalCoroutinesApi::class)'
w: file:///home/runner/work/fleet-mobile/fleet-mobile/shared/src/commonTest/kotlin/dev/claudefleet/mobile/ui/TidyTest.kt:104:9 This declaration needs opt-in. Its usage should be marked with '@kotlinx.coroutines.ExperimentalCoroutinesApi' or '@OptIn(kotlinx.coroutines.ExperimentalCoroutinesApi::class)'
w: file:///home/runner/work/fleet-mobile/fleet-mobile/shared/src/commonTest/kotlin/dev/claudefleet/mobile/ui/TidyTest.kt:116:9 This declaration needs opt-in. Its usage should be marked with '@kotlinx.coroutines.ExperimentalCoroutinesApi' or '@OptIn(kotlinx.coroutines.ExperimentalCoroutinesApi::class)'
w: file:///home/runner/work/fleet-mobile/fleet-mobile/shared/src/commonTest/kotlin/dev/claudefleet/mobile/ui/TidyTest.kt:119:9 This declaration needs opt-in. Its usage should be marked with '@kotlinx.coroutines.ExperimentalCoroutinesApi' or '@OptIn(kotlinx.coroutines.ExperimentalCoroutinesApi::class)'
w: file:///home/runner/work/fleet-mobile/fleet-mobile/shared/src/commonTest/kotlin/dev/claudefleet/mobile/ui/TidyTest.kt:127:9 This declaration needs opt-in. Its usage should be marked with '@kotlinx.coroutines.ExperimentalCoroutinesApi' or '@OptIn(kotlinx.coroutines.ExperimentalCoroutinesApi::class)'
w: file:///home/runner/work/fleet-mobile/fleet-mobile/shared/src/commonTest/kotlin/dev/claudefleet/mobile/ui/TidyTest.kt:137:9 This declaration needs opt-in. Its usage should be marked with '@kotlinx.coroutines.ExperimentalCoroutinesApi' or '@OptIn(kotlinx.coroutines.ExperimentalCoroutinesApi::class)'
w: file:///home/runner/work/fleet-mobile/fleet-mobile/shared/src/commonTest/kotlin/dev/claudefleet/mobile/ui/TidyTest.kt:141:9 This declaration needs opt-in. Its usage should be marked with '@kotlinx.coroutines.ExperimentalCoroutinesApi' or '@OptIn(kotlinx.coroutines.ExperimentalCoroutinesApi::class)'
w: file:///home/runner/work/fleet-mobile/fleet-mobile/shared/src/commonTest/kotlin/dev/claudefleet/mobile/ui/TodayViewModelTest.kt:58:9 This declaration needs opt-in. Its usage should be marked with '@kotlinx.coroutines.ExperimentalCoroutinesApi' or '@OptIn(kotlinx.coroutines.ExperimentalCoroutinesApi::class)'
w: file:///home/runner/work/fleet-mobile/fleet-mobile/shared/src/commonTest/kotlin/dev/claudefleet/mobile/ui/TodayViewModelTest.kt:69:9 This declaration needs opt-in. Its usage should be marked with '@kotlinx.coroutines.ExperimentalCoroutinesApi' or '@OptIn(kotlinx.coroutines.ExperimentalCoroutinesApi::class)'
w: file:///home/runner/work/fleet-mobile/fleet-mobile/shared/src/commonTest/kotlin/dev/claudefleet/mobile/ui/TodayViewModelTest.kt:87:9 This declaration needs opt-in. Its usage should be marked with '@kotlinx.coroutines.ExperimentalCoroutinesApi' or '@OptIn(kotlinx.coroutines.ExperimentalCoroutinesApi::class)'
w: file:///home/runner/work/fleet-mobile/fleet-mobile/shared/src/commonTest/kotlin/dev/claudefleet/mobile/ui/TodayViewModelTest.kt:94:9 This declaration needs opt-in. Its usage should be marked with '@kotlinx.coroutines.ExperimentalCoroutinesApi' or '@OptIn(kotlinx.coroutines.ExperimentalCoroutinesApi::class)'
w: file:///home/runner/work/fleet-mobile/fleet-mobile/shared/src/commonTest/kotlin/dev/claudefleet/mobile/ui/TodayViewModelTest.kt:105:9 This declaration needs opt-in. Its usage should be marked with '@kotlinx.coroutines.ExperimentalCoroutinesApi' or '@OptIn(kotlinx.coroutines.ExperimentalCoroutinesApi::class)'
w: file:///home/runner/work/fleet-mobile/fleet-mobile/shared/src/commonTest/kotlin/dev/claudefleet/mobile/ui/TodayViewModelTest.kt:111:9 This declaration needs opt-in. Its usage should be marked with '@kotlinx.coroutines.ExperimentalCoroutinesApi' or '@OptIn(kotlinx.coroutines.ExperimentalCoroutinesApi::class)'
w: file:///home/runner/work/fleet-mobile/fleet-mobile/shared/src/commonTest/kotlin/dev/claudefleet/mobile/ui/TodayViewModelTest.kt:112:9 This declaration needs opt-in. Its usage should be marked with '@kotlinx.coroutines.ExperimentalCoroutinesApi' or '@OptIn(kotlinx.coroutines.ExperimentalCoroutinesApi::class)'
w: file:///home/runner/work/fleet-mobile/fleet-mobile/shared/src/commonTest/kotlin/dev/claudefleet/mobile/ui/TodayViewModelTest.kt:117:9 This declaration needs opt-in. Its usage should be marked with '@kotlinx.coroutines.ExperimentalCoroutinesApi' or '@OptIn(kotlinx.coroutines.ExperimentalCoroutinesApi::class)'
w: file:///home/runner/work/fleet-mobile/fleet-mobile/shared/src/commonTest/kotlin/dev/claudefleet/mobile/ui/TodayViewModelTest.kt:118:9 This declaration needs opt-in. Its usage should be marked with '@kotlinx.coroutines.ExperimentalCoroutinesApi' or '@OptIn(kotlinx.coroutines.ExperimentalCoroutinesApi::class)'
w: file:///home/runner/work/fleet-mobile/fleet-mobile/shared/src/commonTest/kotlin/dev/claudefleet/mobile/ui/TodayViewModelTest.kt:129:9 This declaration needs opt-in. Its usage should be marked with '@kotlinx.coroutines.ExperimentalCoroutinesApi' or '@OptIn(kotlinx.coroutines.ExperimentalCoroutinesApi::class)'
w: file:///home/runner/work/fleet-mobile/fleet-mobile/shared/src/commonTest/kotlin/dev/claudefleet/mobile/ui/TodayViewModelTest.kt:141:9 This declaration needs opt-in. Its usage should be marked with '@kotlinx.coroutines.ExperimentalCoroutinesApi' or '@OptIn(kotlinx.coroutines.ExperimentalCoroutinesApi::class)'
w: file:///home/runner/work/fleet-mobile/fleet-mobile/shared/src/commonTest/kotlin/dev/claudefleet/mobile/ui/TodayViewModelTest.kt:151:9 This declaration needs opt-in. Its usage should be marked with '@kotlinx.coroutines.ExperimentalCoroutinesApi' or '@OptIn(kotlinx.coroutines.ExperimentalCoroutinesApi::class)'
w: file:///home/runner/work/fleet-mobile/fleet-mobile/shared/src/commonTest/kotlin/dev/claudefleet/mobile/ui/TodayViewModelTest.kt:174:9 This declaration needs opt-in. Its usage should be marked with '@kotlinx.coroutines.ExperimentalCoroutinesApi' or '@OptIn(kotlinx.coroutines.ExperimentalCoroutinesApi::class)'
w: file:///home/runner/work/fleet-mobile/fleet-mobile/shared/src/commonTest/kotlin/dev/claudefleet/mobile/ui/TodayViewModelTest.kt:208:9 This declaration needs opt-in. Its usage should be marked with '@kotlinx.coroutines.ExperimentalCoroutinesApi' or '@OptIn(kotlinx.coroutines.ExperimentalCoroutinesApi::class)'
w: file:///home/runner/work/fleet-mobile/fleet-mobile/shared/src/commonTest/kotlin/dev/claudefleet/mobile/ui/TodayViewModelTest.kt:224:9 This declaration needs opt-in. Its usage should be marked with '@kotlinx.coroutines.ExperimentalCoroutinesApi' or '@OptIn(kotlinx.coroutines.ExperimentalCoroutinesApi::class)'
w: file:///home/runner/work/fleet-mobile/fleet-mobile/shared/src/commonTest/kotlin/dev/claudefleet/mobile/ui/TodayViewModelTest.kt:235:9 This declaration needs opt-in. Its usage should be marked with '@kotlinx.coroutines.ExperimentalCoroutinesApi' or '@OptIn(kotlinx.coroutines.ExperimentalCoroutinesApi::class)'
w: file:///home/runner/work/fleet-mobile/fleet-mobile/shared/src/commonTest/kotlin/dev/claudefleet/mobile/ui/TodayViewModelTest.kt:241:9 This declaration needs opt-in. Its usage should be marked with '@kotlinx.coroutines.ExperimentalCoroutinesApi' or '@OptIn(kotlinx.coroutines.ExperimentalCoroutinesApi::class)'
w: file:///home/runner/work/fleet-mobile/fleet-mobile/shared/src/commonTest/kotlin/dev/claudefleet/mobile/ui/TodayViewModelTest.kt:250:9 This declaration needs opt-in. Its usage should be marked with '@kotlinx.coroutines.ExperimentalCoroutinesApi' or '@OptIn(kotlinx.coroutines.ExperimentalCoroutinesApi::class)'
w: file:///home/runner/work/fleet-mobile/fleet-mobile/shared/src/commonTest/kotlin/dev/claudefleet/mobile/ui/TodayViewModelTest.kt:262:9 This declaration needs opt-in. Its usage should be marked with '@kotlinx.coroutines.ExperimentalCoroutinesApi' or '@OptIn(kotlinx.coroutines.ExperimentalCoroutinesApi::class)'
w: file:///home/runner/work/fleet-mobile/fleet-mobile/shared/src/commonTest/kotlin/dev/claudefleet/mobile/ui/TodayViewModelTest.kt:265:9 This declaration needs opt-in. Its usage should be marked with '@kotlinx.coroutines.ExperimentalCoroutinesApi' or '@OptIn(kotlinx.coroutines.ExperimentalCoroutinesApi::class)'
w: file:///home/runner/work/fleet-mobile/fleet-mobile/shared/src/commonTest/kotlin/dev/claudefleet/mobile/ui/TodayViewModelTest.kt:271:9 This declaration needs opt-in. Its usage should be marked with '@kotlinx.coroutines.ExperimentalCoroutinesApi' or '@OptIn(kotlinx.coroutines.ExperimentalCoroutinesApi::class)'
w: file:///home/runner/work/fleet-mobile/fleet-mobile/shared/src/commonTest/kotlin/dev/claudefleet/mobile/ui/TodayViewModelTest.kt:275:9 This declaration needs opt-in. Its usage should be marked with '@kotlinx.coroutines.ExperimentalCoroutinesApi' or '@OptIn(kotlinx.coroutines.ExperimentalCoroutinesApi::class)'
w: file:///home/runner/work/fleet-mobile/fleet-mobile/shared/src/commonTest/kotlin/dev/claudefleet/mobile/ui/ToolDetailsModelTest.kt:87:9 This declaration needs opt-in. Its usage should be marked with '@kotlinx.coroutines.ExperimentalCoroutinesApi' or '@OptIn(kotlinx.coroutines.ExperimentalCoroutinesApi::class)'
w: file:///home/runner/work/fleet-mobile/fleet-mobile/shared/src/commonTest/kotlin/dev/claudefleet/mobile/ui/ToolDetailsModelTest.kt:89:9 This declaration needs opt-in. Its usage should be marked with '@kotlinx.coroutines.ExperimentalCoroutinesApi' or '@OptIn(kotlinx.coroutines.ExperimentalCoroutinesApi::class)'
w: file:///home/runner/work/fleet-mobile/fleet-mobile/shared/src/commonTest/kotlin/dev/claudefleet/mobile/ui/ToolDetailsModelTest.kt:100:9 This declaration needs opt-in. Its usage should be marked with '@kotlinx.coroutines.ExperimentalCoroutinesApi' or '@OptIn(kotlinx.coroutines.ExperimentalCoroutinesApi::class)'
w: file:///home/runner/work/fleet-mobile/fleet-mobile/shared/src/commonTest/kotlin/dev/claudefleet/mobile/ui/ToolDetailsModelTest.kt:112:9 This declaration needs opt-in. Its usage should be marked with '@kotlinx.coroutines.ExperimentalCoroutinesApi' or '@OptIn(kotlinx.coroutines.ExperimentalCoroutinesApi::class)'
w: file:///home/runner/work/fleet-mobile/fleet-mobile/shared/src/commonTest/kotlin/dev/claudefleet/mobile/ui/ToolDetailsModelTest.kt:115:9 This declaration needs opt-in. Its usage should be marked with '@kotlinx.coroutines.ExperimentalCoroutinesApi' or '@OptIn(kotlinx.coroutines.ExperimentalCoroutinesApi::class)'
w: file:///home/runner/work/fleet-mobile/fleet-mobile/shared/src/commonTest/kotlin/dev/claudefleet/mobile/ui/ToolDetailsModelTest.kt:120:9 This declaration needs opt-in. Its usage should be marked with '@kotlinx.coroutines.ExperimentalCoroutinesApi' or '@OptIn(kotlinx.coroutines.ExperimentalCoroutinesApi::class)'
w: file:///home/runner/work/fleet-mobile/fleet-mobile/shared/src/commonTest/kotlin/dev/claudefleet/mobile/ui/ToolDetailsModelTest.kt:131:9 This declaration needs opt-in. Its usage should be marked with '@kotlinx.coroutines.ExperimentalCoroutinesApi' or '@OptIn(kotlinx.coroutines.ExperimentalCoroutinesApi::class)'
w: file:///home/runner/work/fleet-mobile/fleet-mobile/shared/src/commonTest/kotlin/dev/claudefleet/mobile/ui/ToolDetailsModelTest.kt:134:9 This declaration needs opt-in. Its usage should be marked with '@kotlinx.coroutines.ExperimentalCoroutinesApi' or '@OptIn(kotlinx.coroutines.ExperimentalCoroutinesApi::class)'
w: file:///home/runner/work/fleet-mobile/fleet-mobile/shared/src/commonTest/kotlin/dev/claudefleet/mobile/ui/ToolDetailsModelTest.kt:139:9 This declaration needs opt-in. Its usage should be marked with '@kotlinx.coroutines.ExperimentalCoroutinesApi' or '@OptIn(kotlinx.coroutines.ExperimentalCoroutinesApi::class)'
w: file:///home/runner/work/fleet-mobile/fleet-mobile/shared/src/commonTest/kotlin/dev/claudefleet/mobile/ui/UsageViewModelTest.kt:55:9 This declaration needs opt-in. Its usage should be marked with '@kotlinx.coroutines.ExperimentalCoroutinesApi' or '@OptIn(kotlinx.coroutines.ExperimentalCoroutinesApi::class)'
w: file:///home/runner/work/fleet-mobile/fleet-mobile/shared/src/commonTest/kotlin/dev/claudefleet/mobile/ui/UsageViewModelTest.kt:70:9 This declaration needs opt-in. Its usage should be marked with '@kotlinx.coroutines.ExperimentalCoroutinesApi' or '@OptIn(kotlinx.coroutines.ExperimentalCoroutinesApi::class)'
w: file:///home/runner/work/fleet-mobile/fleet-mobile/shared/src/commonTest/kotlin/dev/claudefleet/mobile/ui/UsageViewModelTest.kt:81:9 This declaration needs opt-in. Its usage should be marked with '@kotlinx.coroutines.ExperimentalCoroutinesApi' or '@OptIn(kotlinx.coroutines.ExperimentalCoroutinesApi::class)'

> Task :shared:compileJvmTestJava NO-SOURCE
> Task :shared:jvmTestClasses
> Task :shared:jvmTest
gradle/actions: Writing build results to /home/runner/work/_temp/.gradle-actions/build-results/__run_3-1791474157942.json

[Incubating] Problems report is available at: file:///home/runner/work/fleet-mobile/fleet-mobile/build/reports/problems/problems-report.html

BUILD SUCCESSFUL in 4m 39s
13 actionable tasks: 13 executed
Consider enabling configuration cache to speed up this build: https://docs.gradle.org/9.7.1/userguide/configuration_cache_enabling.html
